============================================================
HYPERSTARCOP ZCU104 OPTIMIZED BENCHMARK
============================================================
Batch: 1 ALWAYS
Profile: max-e2e
Dataset images: 9
Runners: 3
Pre workers: 16
Post workers: 16
Slots/runner: 5
Pin: no
Input  : [1,512,512,4] INT8 fix=5
Output : [1,512,512,1] INT8 fix=2

============================================================
max_end_to_end_throughput
============================================================
batch              = 1
runners            = 3
pre_workers        = 16
post_workers       = 16
slots_per_runner   = 5
completed          = 90
wall_s             = 4.501886
THROUGHPUT FPS     = 19.991623

FPS EQUIVALENT FROM PER-JOB LATENCY
 average = 1.179959
 min     = 0.684461
 max     = 1.762483
 p95     = 0.931294
 p99     = 0.750743

LATENCY ms
 mean   = 847.487211
 median = 847.585045
 min    = 567.381390
 max    = 1461.003540
 p90    = 990.530497
 p95    = 1073.774756
 p99    = 1332.013419
 stddev = 149.326844
 CV     = 0.176200
 jitter p99-p50 = 484.428374 ms

DPU STAGE ms
 mean = 46.305193
 p95  = 70.678793
 p99  = 78.119460

PREPROCESS mean = 616.922937 ms
POSTPROCESS mean = 44.597299 ms

INTER-COMPLETION ms
 mean = 44.203310
 p95  = 100.149740
 p99  = 259.025839
OUTPUT-CADENCE FPS
 average(system wall) = 19.991623
 min = 3.778688
 max = 5034.486231
 p95 = 9.985048
 p99 = 3.860619

Results saved to:
/home/root/hyperstarcop_sweep_results/runs/55_refine__max_e2e__r3_pre16_post16_spr5_nopin__rep1__n90
