============================================================
HYPERSTARCOP ZCU104 OPTIMIZED BENCHMARK
============================================================
Batch: 1 ALWAYS
Profile: max-e2e
Dataset images: 9
Runners: 4
Pre workers: 4
Post workers: 16
Slots/runner: 2
Pin: no
Input  : [1,512,512,4] INT8 fix=5
Output : [1,512,512,1] INT8 fix=2

============================================================
max_end_to_end_throughput
============================================================
batch              = 1
runners            = 4
pre_workers        = 4
post_workers       = 16
slots_per_runner   = 2
completed          = 90
wall_s             = 4.396989
THROUGHPUT FPS     = 20.468552

FPS EQUIVALENT FROM PER-JOB LATENCY
 average = 3.814758
 min     = 2.735810
 max     = 4.675784
 p95     = 3.172929
 p99     = 2.781281

LATENCY ms
 mean   = 262.139845
 median = 258.363340
 min    = 213.867880
 max    = 365.522470
 p90    = 299.936998
 p95    = 315.166226
 p99    = 359.546521
 stddev = 31.418024
 CV     = 0.119852
 jitter p99-p50 = 101.183181 ms

DPU STAGE ms
 mean = 43.743156
 p95  = 66.877078
 p99  = 76.549868

PREPROCESS mean = 187.825328 ms
POSTPROCESS mean = 29.631792 ms

INTER-COMPLETION ms
 mean = 46.868213
 p95  = 111.091258
 p99  = 122.488430
OUTPUT-CADENCE FPS
 average(system wall) = 20.468552
 min = 7.757508
 max = 2371.635243
 p95 = 9.001608
 p99 = 8.164036

Results saved to:
/home/root/hyperstarcop_sweep_results/runs/55_refine__max_e2e__r4_pre4_post16_spr2_nopin__rep1__n90
