============================================================
HYPERSTARCOP ZCU104 OPTIMIZED BENCHMARK
============================================================
Batch: 1 ALWAYS
Profile: max-e2e
Dataset images: 9
Runners: 4
Pre workers: 4
Post workers: 8
Slots/runner: 2
Pin: no
Input  : [1,512,512,4] INT8 fix=5
Output : [1,512,512,1] INT8 fix=2

============================================================
max_end_to_end_throughput
============================================================
batch              = 1
runners            = 4
pre_workers        = 4
post_workers       = 8
slots_per_runner   = 2
completed          = 90
wall_s             = 4.306044
THROUGHPUT FPS     = 20.900855

FPS EQUIVALENT FROM PER-JOB LATENCY
 average = 3.807124
 min     = 2.762293
 max     = 4.655410
 p95     = 3.199362
 p99     = 3.069165

LATENCY ms
 mean   = 262.665460
 median = 261.845205
 min    = 214.803840
 max    = 362.018130
 p90    = 303.353330
 p95    = 312.562326
 p99    = 325.821536
 stddev = 28.311516
 CV     = 0.107785
 jitter p99-p50 = 63.976331 ms

DPU STAGE ms
 mean = 46.736225
 p95  = 75.391440
 p99  = 79.392719

PREPROCESS mean = 185.748008 ms
POSTPROCESS mean = 29.967695 ms

INTER-COMPLETION ms
 mean = 45.875170
 p95  = 120.752202
 p99  = 156.353472
OUTPUT-CADENCE FPS
 average(system wall) = 20.900855
 min = 5.823357
 max = 7927.070947
 p95 = 8.281422
 p99 = 6.395765

Results saved to:
/home/root/hyperstarcop_sweep_results/runs/55_refine__max_e2e__r4_pre4_post8_spr2_nopin__rep1__n90
