============================================================
HYPERSTARCOP ZCU104 OPTIMIZED BENCHMARK
============================================================
Batch: 1 ALWAYS
Profile: max-e2e
Dataset images: 9
Runners: 4
Pre workers: 4
Post workers: 8
Slots/runner: 2
Pin: no
Input  : [1,512,512,4] INT8 fix=5
Output : [1,512,512,1] INT8 fix=2

============================================================
max_end_to_end_throughput
============================================================
batch              = 1
runners            = 4
pre_workers        = 4
post_workers       = 8
slots_per_runner   = 2
completed          = 500
wall_s             = 23.620830
THROUGHPUT FPS     = 21.167757

FPS EQUIVALENT FROM PER-JOB LATENCY
 average = 3.774433
 min     = 2.399741
 max     = 4.900830
 p95     = 3.077164
 p99     = 2.766715

LATENCY ms
 mean   = 264.940435
 median = 259.933695
 min    = 204.047070
 max    = 416.711680
 p90    = 309.315342
 p95    = 324.974532
 p99    = 361.439412
 stddev = 32.655338
 CV     = 0.123255
 jitter p99-p50 = 101.505717 ms

DPU STAGE ms
 mean = 45.365189
 p95  = 73.237929
 p99  = 78.575563

PREPROCESS mean = 187.564014 ms
POSTPROCESS mean = 29.956822 ms

INTER-COMPLETION ms
 mean = 46.887427
 p95  = 100.601130
 p99  = 129.735755
OUTPUT-CADENCE FPS
 average(system wall) = 21.167757
 min = 7.241618
 max = 641025.640542
 p95 = 9.940246
 p99 = 7.707975

Results saved to:
/home/root/hyperstarcop_sweep_results/runs/60_final_c3__max_e2e__r4_pre4_post8_spr2_nopin__rep1__n500
