============================================================
HYPERSTARCOP ZCU104 OPTIMIZED BENCHMARK
============================================================
Batch: 1 ALWAYS
Profile: max-model-only
Dataset images: 9
Runners: 3
Pre workers: 1
Post workers: 1
Slots/runner: 1
Pin: no
Input  : [1,512,512,4] INT8 fix=5
Output : [1,512,512,1] INT8 fix=2

============================================================
max_model_only_throughput
============================================================
batch              = 1
runners            = 3
pre_workers        = 0
post_workers       = 0
slots_per_runner   = 1
completed          = 90
wall_s             = 1.799820
THROUGHPUT FPS     = 50.004987

FPS EQUIVALENT FROM PER-JOB LATENCY
 average = 16.868209
 min     = 12.748251
 max     = 24.728127
 p95     = 12.928562
 p99     = 12.874453

LATENCY ms
 mean   = 59.283115
 median = 75.469145
 min    = 40.439780
 max    = 78.442130
 p90    = 77.087047
 p95    = 77.348125
 p99    = 77.673206
 stddev = 17.653615
 CV     = 0.297785
 jitter p99-p50 = 2.204061 ms

DPU STAGE ms
 mean = 59.283115
 p95  = 77.348125
 p99  = 77.673206

INTER-COMPLETION ms
 mean = 19.767738
 p95  = 37.720044
 p99  = 38.285894
OUTPUT-CADENCE FPS
 average(system wall) = 50.004987
 min = 25.727060
 max = 3710.024486
 p95 = 26.511104
 p99 = 26.119281

Results saved to:
/home/root/hyperstarcop_sweep_results/runs/10_model_runners__max_model_only__r3_pre1_post1_spr1_nopin__rep1__n90
