============================================================
HYPERSTARCOP ZCU104 OPTIMIZED BENCHMARK
============================================================
Batch: 1 ALWAYS
Profile: max-e2e
Dataset images: 9
Runners: 3
Pre workers: 4
Post workers: 8
Slots/runner: 5
Pin: no
Input  : [1,512,512,4] INT8 fix=5
Output : [1,512,512,1] INT8 fix=2

============================================================
max_end_to_end_throughput
============================================================
batch              = 1
runners            = 3
pre_workers        = 4
post_workers       = 8
slots_per_runner   = 5
completed          = 90
wall_s             = 4.323067
THROUGHPUT FPS     = 20.818554

FPS EQUIVALENT FROM PER-JOB LATENCY
 average = 3.814149
 min     = 2.636492
 max     = 4.897364
 p95     = 3.151070
 p99     = 2.954834

LATENCY ms
 mean   = 262.181707
 median = 258.307995
 min    = 204.191490
 max    = 379.291900
 p90    = 309.394109
 p95    = 317.352477
 p99    = 338.428458
 stddev = 33.498646
 CV     = 0.127769
 jitter p99-p50 = 80.120463 ms

DPU STAGE ms
 mean = 44.979855
 p95  = 69.904681
 p99  = 75.609517

PREPROCESS mean = 186.595074 ms
POSTPROCESS mean = 28.960396 ms

INTER-COMPLETION ms
 mean = 46.203020
 p95  = 102.118794
 p99  = 117.483984
OUTPUT-CADENCE FPS
 average(system wall) = 20.818554
 min = 7.392126
 max = 2311.924909
 p95 = 9.792517
 p99 = 8.511799

Results saved to:
/home/root/hyperstarcop_sweep_results/runs/55_refine__max_e2e__r3_pre4_post8_spr5_nopin__rep1__n90
