============================================================
HYPERSTARCOP ZCU104 OPTIMIZED BENCHMARK
============================================================
Batch: 1 ALWAYS
Profile: max-model-only
Dataset images: 9
Runners: 3
Pre workers: 1
Post workers: 1
Slots/runner: 1
Pin: yes
Input  : [1,512,512,4] INT8 fix=5
Output : [1,512,512,1] INT8 fix=2

============================================================
max_model_only_throughput
============================================================
batch              = 1
runners            = 3
pre_workers        = 0
post_workers       = 0
slots_per_runner   = 1
completed          = 90
wall_s             = 1.799631
THROUGHPUT FPS     = 50.010257

FPS EQUIVALENT FROM PER-JOB LATENCY
 average = 16.868562
 min     = 12.760892
 max     = 24.752426
 p95     = 12.927619
 p99     = 12.895256

LATENCY ms
 mean   = 59.281876
 median = 75.433180
 min    = 40.400080
 max    = 78.364430
 p90    = 77.103149
 p95    = 77.353764
 p99    = 77.547899
 stddev = 17.646132
 CV     = 0.297665
 jitter p99-p50 = 2.114720 ms

DPU STAGE ms
 mean = 59.281876
 p95  = 77.353764
 p99  = 77.547899

INTER-COMPLETION ms
 mean = 19.765730
 p95  = 36.847346
 p99  = 38.622307
OUTPUT-CADENCE FPS
 average(system wall) = 50.010257
 min = 25.717267
 max = 13612.850531
 p95 = 27.138997
 p99 = 25.891773

Results saved to:
/home/root/hyperstarcop_sweep_results/runs/10_model_runners__max_model_only__r3_pre1_post1_spr1_pin__rep1__n90
