============================================================
HYPERSTARCOP ZCU104 OPTIMIZED BENCHMARK
============================================================
Batch: 1 ALWAYS
Profile: max-e2e
Dataset images: 9
Runners: 3
Pre workers: 16
Post workers: 16
Slots/runner: 2
Pin: no
Input  : [1,512,512,4] INT8 fix=5
Output : [1,512,512,1] INT8 fix=2

============================================================
max_end_to_end_throughput
============================================================
batch              = 1
runners            = 3
pre_workers        = 16
post_workers       = 16
slots_per_runner   = 2
completed          = 90
wall_s             = 4.781928
THROUGHPUT FPS     = 18.820862

FPS EQUIVALENT FROM PER-JOB LATENCY
 average = 1.167934
 min     = 0.904612
 max     = 4.193853
 p95     = 0.954820
 p99     = 0.921616

LATENCY ms
 mean   = 856.213111
 median = 881.631815
 min    = 238.444210
 max    = 1105.446610
 p90    = 1018.895404
 p95    = 1047.318341
 p99    = 1085.050961
 stddev = 165.440068
 CV     = 0.193223
 jitter p99-p50 = 203.419146 ms

DPU STAGE ms
 mean = 44.609739
 p95  = 72.842552
 p99  = 76.194016

PREPROCESS mean = 237.369958 ms
POSTPROCESS mean = 26.801450 ms

INTER-COMPLETION ms
 mean = 51.049118
 p95  = 109.231164
 p99  = 123.324031
OUTPUT-CADENCE FPS
 average(system wall) = 18.820862
 min = 7.154469
 max = 905.731469
 p95 = 9.154896
 p99 = 8.108720

Results saved to:
/home/root/hyperstarcop_sweep_results/runs/55_refine__max_e2e__r3_pre16_post16_spr2_nopin__rep1__n90
