============================================================
HYPERSTARCOP ZCU104 OPTIMIZED BENCHMARK
============================================================
Batch: 1 ALWAYS
Profile: max-model-only
Dataset images: 9
Runners: 4
Pre workers: 1
Post workers: 1
Slots/runner: 1
Pin: no
Input  : [1,512,512,4] INT8 fix=5
Output : [1,512,512,1] INT8 fix=2

============================================================
max_model_only_throughput
============================================================
batch              = 1
runners            = 4
pre_workers        = 0
post_workers       = 0
slots_per_runner   = 1
completed          = 90
wall_s             = 1.768999
THROUGHPUT FPS     = 50.876225

FPS EQUIVALENT FROM PER-JOB LATENCY
 average = 12.874974
 min     = 12.057329
 max     = 24.789359
 p95     = 12.148748
 p99     = 12.071476

LATENCY ms
 mean   = 77.670062
 median = 77.760310
 min    = 40.339890
 max    = 82.937110
 p90    = 81.066462
 p95    = 82.313008
 p99    = 82.839913
 stddev = 5.861423
 CV     = 0.075466
 jitter p99-p50 = 5.079603 ms

DPU STAGE ms
 mean = 77.670062
 p95  = 82.313008
 p99  = 82.839913

INTER-COMPLETION ms
 mean = 19.422597
 p95  = 36.590782
 p99  = 38.087792
OUTPUT-CADENCE FPS
 average(system wall) = 50.876225
 min = 26.160479
 max = 797.626264
 p95 = 27.329287
 p99 = 26.255132

Results saved to:
/home/root/hyperstarcop_sweep_results/runs/10_model_runners__max_model_only__r4_pre1_post1_spr1_nopin__rep1__n90
